// Jest Snapshot v1, https://goo.gl/fbAQLP

exports[`<AddRecipe /> renders correctly 1`] = `
<div
  className="Addrecipe"
>
  <div
    className="MuiGrid-root MuiGrid-container MuiGrid-spacing-xs-5"
    id="add_recipe_container"
  >
    <div
      className="MuiGrid-root MuiGrid-item MuiGrid-grid-sm-12 MuiGrid-grid-md-7"
      id="add_recipe_description"
    >
      <h2
        id="add_recipe_headline"
      >
        Foodies aufgepasst!
      </h2>
      <p>
        Wir von FOODBABY sind stets darum bemüht euch täglich neue Rezepte zu präsentieren, um euch nicht immer mit demselben Fraß zu langweilen. Und auf dieser Mission könnt ihr uns nun behilflich sein. Grabt die altbewährten Rezepte von Oma aus und tut der FOODBABY Community etwas Gutes indem ihr auf den Button unter diesem Text klickt und das Formular ausfüllt.
      </p>
      <p>
        Bei der Wahl eines Namens für euer Rezept sind euch natürlich keine Grenzen gesetzt. Kleiner Tipp am Rande, Rezepte mit einer Alliteration im Namen werden häufiger angezeigt, als Rezepte mit langweiligem Namen ;) Auch ein schön inszeniertes Stillleben des Gerichtes sollte nicht fehlen. Also gebt euch Mühe!
      </p>
      <div
        id="add_recipe_button_container"
      >
        <button
          className="MuiButtonBase-root MuiButton-root MuiButton-contained MuiButton-containedSecondary"
          disabled={false}
          id="open_form_button"
          onBlur={[Function]}
          onClick={[Function]}
          onDragLeave={[Function]}
          onFocus={[Function]}
          onKeyDown={[Function]}
          onKeyUp={[Function]}
          onMouseDown={[Function]}
          onMouseLeave={[Function]}
          onMouseUp={[Function]}
          onTouchEnd={[Function]}
          onTouchMove={[Function]}
          onTouchStart={[Function]}
          tabIndex={0}
          type="button"
        >
          <span
            className="MuiButton-label"
          >
            Rezept hinzufügen
          </span>
        </button>
      </div>
    </div>
    <div
      className="MuiGrid-root MuiGrid-item MuiGrid-grid-sm-12 MuiGrid-grid-md-5"
      id="add_recipe_image_container"
    >
      <img
        src="test-file-stub"
        width="100%"
      />
    </div>
  </div>
</div>
`;
