// Jest Snapshot v1, https://goo.gl/fbAQLP

exports[`<ToggleButtons /> renders correctly 1`] = `
<div
  className="ToggleButtons"
>
  <div
    className="MuiBox-root MuiBox-root-30"
  >
    <div
      className="MuiBox-root MuiBox-root-31"
    >
      <div
        className="FilterCategory"
      >
        <button
          aria-pressed={false}
          className="MuiButtonBase-root MuiToggleButton-root"
          disabled={false}
          onBlur={[Function]}
          onChange={[Function]}
          onClick={[Function]}
          onDragLeave={[Function]}
          onFocus={[Function]}
          onKeyDown={[Function]}
          onKeyUp={[Function]}
          onMouseDown={[Function]}
          onMouseLeave={[Function]}
          onMouseUp={[Function]}
          onTouchEnd={[Function]}
          onTouchMove={[Function]}
          onTouchStart={[Function]}
          tabIndex={0}
          type="button"
          value="breakfast"
        >
          <span
            className="MuiToggleButton-label"
          >
            Frühstück
          </span>
        </button>
      </div>
    </div>
    <div
      className="MuiBox-root MuiBox-root-32"
    >
      <div
        className="FilterCategory"
      >
        <button
          aria-pressed={false}
          className="MuiButtonBase-root MuiToggleButton-root"
          disabled={false}
          onBlur={[Function]}
          onChange={[Function]}
          onClick={[Function]}
          onDragLeave={[Function]}
          onFocus={[Function]}
          onKeyDown={[Function]}
          onKeyUp={[Function]}
          onMouseDown={[Function]}
          onMouseLeave={[Function]}
          onMouseUp={[Function]}
          onTouchEnd={[Function]}
          onTouchMove={[Function]}
          onTouchStart={[Function]}
          tabIndex={0}
          type="button"
          value="lunch"
        >
          <span
            className="MuiToggleButton-label"
          >
            Mittagessen
          </span>
        </button>
      </div>
    </div>
    <div
      className="MuiBox-root MuiBox-root-33"
    >
      <div
        className="FilterCategory"
      >
        <button
          aria-pressed={false}
          className="MuiButtonBase-root MuiToggleButton-root"
          disabled={false}
          onBlur={[Function]}
          onChange={[Function]}
          onClick={[Function]}
          onDragLeave={[Function]}
          onFocus={[Function]}
          onKeyDown={[Function]}
          onKeyUp={[Function]}
          onMouseDown={[Function]}
          onMouseLeave={[Function]}
          onMouseUp={[Function]}
          onTouchEnd={[Function]}
          onTouchMove={[Function]}
          onTouchStart={[Function]}
          tabIndex={0}
          type="button"
          value="dinner"
        >
          <span
            className="MuiToggleButton-label"
          >
            Abendessen
          </span>
        </button>
      </div>
    </div>
  </div>
  <div
    className="MuiBox-root MuiBox-root-34"
  >
    <div
      className="MuiBox-root MuiBox-root-35"
    >
      <div
        className="FilterCategory"
      >
        <button
          aria-pressed={false}
          className="MuiButtonBase-root MuiToggleButton-root"
          disabled={false}
          onBlur={[Function]}
          onChange={[Function]}
          onClick={[Function]}
          onDragLeave={[Function]}
          onFocus={[Function]}
          onKeyDown={[Function]}
          onKeyUp={[Function]}
          onMouseDown={[Function]}
          onMouseLeave={[Function]}
          onMouseUp={[Function]}
          onTouchEnd={[Function]}
          onTouchMove={[Function]}
          onTouchStart={[Function]}
          tabIndex={0}
          type="button"
          value="vegetarian"
        >
          <span
            className="MuiToggleButton-label"
          >
            vegetarisch
          </span>
        </button>
      </div>
    </div>
    <div
      className="MuiBox-root MuiBox-root-36"
    >
      <div
        className="FilterCategory"
      >
        <button
          aria-pressed={false}
          className="MuiButtonBase-root MuiToggleButton-root"
          disabled={false}
          onBlur={[Function]}
          onChange={[Function]}
          onClick={[Function]}
          onDragLeave={[Function]}
          onFocus={[Function]}
          onKeyDown={[Function]}
          onKeyUp={[Function]}
          onMouseDown={[Function]}
          onMouseLeave={[Function]}
          onMouseUp={[Function]}
          onTouchEnd={[Function]}
          onTouchMove={[Function]}
          onTouchStart={[Function]}
          tabIndex={0}
          type="button"
          value="vegan"
        >
          <span
            className="MuiToggleButton-label"
          >
            vegan
          </span>
        </button>
      </div>
    </div>
    <div
      className="MuiBox-root MuiBox-root-37"
    >
      <div
        className="FilterCategory"
      >
        <button
          aria-pressed={false}
          className="MuiButtonBase-root MuiToggleButton-root"
          disabled={false}
          onBlur={[Function]}
          onChange={[Function]}
          onClick={[Function]}
          onDragLeave={[Function]}
          onFocus={[Function]}
          onKeyDown={[Function]}
          onKeyUp={[Function]}
          onMouseDown={[Function]}
          onMouseLeave={[Function]}
          onMouseUp={[Function]}
          onTouchEnd={[Function]}
          onTouchMove={[Function]}
          onTouchStart={[Function]}
          tabIndex={0}
          type="button"
          value="fast"
        >
          <span
            className="MuiToggleButton-label"
          >
            schnell
          </span>
        </button>
      </div>
    </div>
    <div
      className="MuiBox-root MuiBox-root-38"
    >
      <div
        className="FilterCategory"
      >
        <button
          aria-pressed={false}
          className="MuiButtonBase-root MuiToggleButton-root"
          disabled={false}
          onBlur={[Function]}
          onChange={[Function]}
          onClick={[Function]}
          onDragLeave={[Function]}
          onFocus={[Function]}
          onKeyDown={[Function]}
          onKeyUp={[Function]}
          onMouseDown={[Function]}
          onMouseLeave={[Function]}
          onMouseUp={[Function]}
          onTouchEnd={[Function]}
          onTouchMove={[Function]}
          onTouchStart={[Function]}
          tabIndex={0}
          type="button"
          value="i_have_time"
        >
          <span
            className="MuiToggleButton-label"
          >
            ich habe Zeit
          </span>
        </button>
      </div>
    </div>
  </div>
</div>
`;
